Godot Engine v4.6.3.stable.official.7d41c59c4 - https://godotengine.org

[   0% ] [90m[1mfirst_scan_filesystem[22m | Started 專案初始化中 (5 steps)[39m[0m
[   0% ] [90m[1mfirst_scan_filesystem[22m | 正在掃描檔案結構…[39m[0m
[  16% ] [90m[1mfirst_scan_filesystem[22m | 載入全域類別名稱中…[39m[0m
[  33% ] [90m[1mfirst_scan_filesystem[22m | 正在驗證GD擴充功能...[39m[0m
[  50% ] [90m[1mfirst_scan_filesystem[22m | 正在建立自動載入腳本…[39m[0m
[  66% ] [90m[1mfirst_scan_filesystem[22m | 初始化外掛程式...[39m[0m
[  83% ] [90m[1mfirst_scan_filesystem[22m | 開始掃描檔案...[39m[0m
[92m[ DONE ][39m [1mfirst_scan_filesystem[22m
[0m
[   0% ] [90m[1m_update_scan_actions[22m | Started 掃描動作中... (14 steps)[39m[0m
[   0% ] [90m[1m_update_scan_actions[22m | chihuahua.glb[39m[0m
[   6% ] [90m[1m_update_scan_actions[22m | chihuahua_chihuahua_basecolor_codex.jpg[39m[0m
[  13% ] [90m[1m_update_scan_actions[22m | corgi.glb[39m[0m
[  20% ] [90m[1m_update_scan_actions[22m | corgi_corgi_basecolor_codex.jpg[39m[0m
[  26% ] [90m[1m_update_scan_actions[22m | frenchie.glb[39m[0m
[  33% ] [90m[1m_update_scan_actions[22m | frenchie_frenchie_basecolor_codex.jpg[39m[0m
[  40% ] [90m[1m_update_scan_actions[22m | golden.glb[39m[0m
[  46% ] [90m[1m_update_scan_actions[22m | golden_golden_basecolor_codex.jpg[39m[0m
[  53% ] [90m[1m_update_scan_actions[22m | pomeranian.glb[39m[0m
[  60% ] [90m[1m_update_scan_actions[22m | pomeranian_pomeranian_basecolor_codex.jpg[39m[0m
[  66% ] [90m[1m_update_scan_actions[22m | poodle.glb[39m[0m
[  73% ] [90m[1m_update_scan_actions[22m | poodle_poodle_basecolor_codex.jpg[39m[0m
[  80% ] [90m[1m_update_scan_actions[22m | shiba.glb[39m[0m
[  86% ] [90m[1m_update_scan_actions[22m | shiba_shiba_basecolor_codex.jpg[39m[0m
[92m[ DONE ][39m [1m_update_scan_actions[22m
[0m
[   0% ] [90m[1mreimport[22m | Started （重新）匯入素材 (14 steps)[39m[0m
[   0% ] [90m[1mreimport[22m | 正在準備重新匯入檔案…[39m[0m
[   6% ] [90m[1mreimport[22m | 正在準備重新匯入檔案…[39m[0m
[  13% ] [90m[1mreimport[22m | 正在準備重新匯入檔案…[39m[0m
[  20% ] [90m[1mreimport[22m | 正在準備重新匯入檔案…[39m[0m
[  26% ] [90m[1mreimport[22m | 正在準備重新匯入檔案…[39m[0m
[  33% ] [90m[1mreimport[22m | 正在準備重新匯入檔案…[39m[0m
[  40% ] [90m[1mreimport[22m | 正在準備重新匯入檔案…[39m[0m
[  46% ] [90m[1mreimport[22m | 正在準備重新匯入檔案…[39m[0m
[  53% ] [90m[1mreimport[22m | 正在準備重新匯入檔案…[39m[0m
[  60% ] [90m[1mreimport[22m | 正在準備重新匯入檔案…[39m[0m
[  66% ] [90m[1mreimport[22m | 正在準備重新匯入檔案…[39m[0m
[  73% ] [90m[1mreimport[22m | 正在準備重新匯入檔案…[39m[0m
[  80% ] [90m[1mreimport[22m | 正在準備重新匯入檔案…[39m[0m
[  86% ] [90m[1mreimport[22m | 正在準備重新匯入檔案…[39m[0m
[   0% ] [90m[1mreimport[22m | 執行預先重新匯入作業…[39m[0m
[   0% ] [90m[1mpreload_reimporting_scene[22m | Started 正在準備重新加載場景 (1 steps)[39m[0m
[   0% ] [90m[1mpreload_reimporting_scene[22m | 正在分析場景 [空][39m[0m
[  50% ] [90m[1mpreload_reimporting_scene[22m | 準備完成。[39m[0m
[92m[ DONE ][39m [1mpreload_reimporting_scene[22m
[0m
[   0% ] [90m[1mreimport[22m | chihuahua_chihuahua_basecolor_codex.jpg[39m[0m
[   6% ] [90m[1mreimport[22m | corgi_corgi_basecolor_codex.jpg[39m[0m
[  13% ] [90m[1mreimport[22m | frenchie_frenchie_basecolor_codex.jpg[39m[0m
[  20% ] [90m[1mreimport[22m | golden_golden_basecolor_codex.jpg[39m[0m
[  26% ] [90m[1mreimport[22m | pomeranian_pomeranian_basecolor_codex.jpg[39m[0m
[  33% ] [90m[1mreimport[22m | poodle_poodle_basecolor_codex.jpg[39m[0m
[  40% ] [90m[1mreimport[22m | shiba_shiba_basecolor_codex.jpg[39m[0m
[  46% ] [90m[1mreimport[22m | chihuahua.glb[39m[0m
[   0% ] [90m[1mimport[22m | Started 匯入場景 (104 steps)[39m[0m
[   0% ] [90m[1mimport[22m | 正在匯入場景...[39m[0m
[   1% ] [90m[1mimport[22m | 正在執行自訂腳本...[39m[0m
[  99% ] [90m[1mimport[22m | 正在儲存...[39m[0m
[92m[ DONE ][39m [1mimport[22m
[0m
[  53% ] [90m[1mreimport[22m | corgi.glb[39m[0m
[   0% ] [90m[1mimport[22m | Started 匯入場景 (104 steps)[39m[0m
[   0% ] [90m[1mimport[22m | 正在匯入場景...[39m[0m
[   1% ] [90m[1mimport[22m | 正在執行自訂腳本...[39m[0m
[  99% ] [90m[1mimport[22m | 正在儲存...[39m[0m
[92m[ DONE ][39m [1mimport[22m
[0m
[  60% ] [90m[1mreimport[22m | frenchie.glb[39m[0m
[   0% ] [90m[1mimport[22m | Started 匯入場景 (104 steps)[39m[0m
[   0% ] [90m[1mimport[22m | 正在匯入場景...[39m[0m
[   1% ] [90m[1mimport[22m | 正在執行自訂腳本...[39m[0m
[  99% ] [90m[1mimport[22m | 正在儲存...[39m[0m
[92m[ DONE ][39m [1mimport[22m
[0m
[  66% ] [90m[1mreimport[22m | golden.glb[39m[0m
[   0% ] [90m[1mimport[22m | Started 匯入場景 (104 steps)[39m[0m
[   0% ] [90m[1mimport[22m | 正在匯入場景...[39m[0m
[   1% ] [90m[1mimport[22m | 正在執行自訂腳本...[39m[0m
[  99% ] [90m[1mimport[22m | 正在儲存...[39m[0m
[92m[ DONE ][39m [1mimport[22m
[0m
[  73% ] [90m[1mreimport[22m | pomeranian.glb[39m[0m
[   0% ] [90m[1mimport[22m | Started 匯入場景 (104 steps)[39m[0m
[   0% ] [90m[1mimport[22m | 正在匯入場景...[39m[0m
[   1% ] [90m[1mimport[22m | 正在執行自訂腳本...[39m[0m
[  99% ] [90m[1mimport[22m | 正在儲存...[39m[0m
[92m[ DONE ][39m [1mimport[22m
[0m
[  80% ] [90m[1mreimport[22m | poodle.glb[39m[0m
[   0% ] [90m[1mimport[22m | Started 匯入場景 (104 steps)[39m[0m
[   0% ] [90m[1mimport[22m | 正在匯入場景...[39m[0m
[   1% ] [90m[1mimport[22m | 正在執行自訂腳本...[39m[0m
[  99% ] [90m[1mimport[22m | 正在儲存...[39m[0m
[92m[ DONE ][39m [1mimport[22m
[0m
[  86% ] [90m[1mreimport[22m | shiba.glb[39m[0m
[   0% ] [90m[1mimport[22m | Started 匯入場景 (104 steps)[39m[0m
[   0% ] [90m[1mimport[22m | 正在匯入場景...[39m[0m
[   1% ] [90m[1mimport[22m | 正在執行自訂腳本...[39m[0m
[  99% ] [90m[1mimport[22m | 正在儲存...[39m[0m
[92m[ DONE ][39m [1mimport[22m
[0m
[  93% ] [90m[1mreimport[22m | 完成素材匯入...[39m[0m
[92m[ DONE ][39m [1mreimport[22m
[0m
[   0% ] [90m[1mreimport[22m | Started （重新）匯入素材 (14 steps)[39m[0m
[   0% ] [90m[1mreimport[22m | 執行重新匯入後續處理作業…[39m[0m
[92m[ DONE ][39m [1mreimport[22m
[0m
[   0% ] [90m[1mloading_editor_layout[22m | Started 載入編輯器 (5 steps)[39m[0m
[   0% ] [90m[1mloading_editor_layout[22m | 載入編輯器版面配置中…[39m[0m
[  16% ] [90m[1mloading_editor_layout[22m | 載入停靠視窗...[39m[0m
[  33% ] [90m[1mloading_editor_layout[22m | 重新開啟場景…[39m[0m
[  50% ] [90m[1mloading_editor_layout[22m | 載入中央編輯器配置…[39m[0m
[  66% ] [90m[1mloading_editor_layout[22m | 載入外掛視窗配置中…[39m[0m
[  83% ] [90m[1mloading_editor_layout[22m | 編輯器版面已就緒。[39m[0m
[92m[ DONE ][39m [1mloading_editor_layout[22m
[0m
