Godot Engine v4.6.3.stable.official.7d41c59c4 - https://godotengine.org

[   0% ] first_scan_filesystem | Started 專案初始化中 (5 steps)
[   0% ] first_scan_filesystem | 正在掃描檔案結構…
[  16% ] first_scan_filesystem | 載入全域類別名稱中…
[  33% ] first_scan_filesystem | 正在驗證GD擴充功能...
[  50% ] first_scan_filesystem | 正在建立自動載入腳本…
[  66% ] first_scan_filesystem | 初始化外掛程式...
[  83% ] first_scan_filesystem | 開始掃描檔案...
[ DONE ] first_scan_filesystem

[   0% ] _update_scan_actions | Started 掃描動作中... (3 steps)
[   0% ] _update_scan_actions | corgi_corgi_basecolor_codex.jpg
[  25% ] _update_scan_actions | poodle.glb
[  50% ] _update_scan_actions | poodle_poodle_basecolor_codex.jpg
[ DONE ] _update_scan_actions

[   0% ] reimport | Started （重新）匯入素材 (2 steps)
[   0% ] reimport | 正在準備重新匯入檔案…
[  33% ] reimport | 正在準備重新匯入檔案…
[   0% ] reimport | 執行預先重新匯入作業…
[   0% ] preload_reimporting_scene | Started 正在準備重新加載場景 (1 steps)
[   0% ] preload_reimporting_scene | 正在分析場景 [空]
[  50% ] preload_reimporting_scene | 準備完成。
[ DONE ] preload_reimporting_scene

[   0% ] reimport | poodle_poodle_basecolor_codex.jpg
[  33% ] reimport | poodle.glb
[   0% ] import | Started 匯入場景 (104 steps)
[   0% ] import | 正在匯入場景...
[   1% ] import | 正在執行自訂腳本...
[  99% ] import | 正在儲存...
[ DONE ] import

[  66% ] reimport | 完成素材匯入...
[ DONE ] reimport

[   0% ] reimport | Started （重新）匯入素材 (2 steps)
[   0% ] reimport | 執行重新匯入後續處理作業…
[ DONE ] reimport

[   0% ] loading_editor_layout | Started 載入編輯器 (5 steps)
[   0% ] loading_editor_layout | 載入編輯器版面配置中…
[  16% ] loading_editor_layout | 載入停靠視窗...
[  33% ] loading_editor_layout | 重新開啟場景…
[  50% ] loading_editor_layout | 載入中央編輯器配置…
[  66% ] loading_editor_layout | 載入外掛視窗配置中…
[  83% ] loading_editor_layout | 編輯器版面已就緒。
[ DONE ] loading_editor_layout

